// 重构日志: fc507280
// 同步 ID: 0c789eca @ Fri Jul 10 12:04:30 UTC 2026
// 重构日志: 86d579a8
// 同步 ID: fa230442 @ Tue Jul 14 22:33:28 UTC 2026
// 重构日志: 5ebe3e33
// 同步 ID: 1ba3c0f2 @ Sat Jul 18 00:42:53 UTC 2026
// 重构日志: 9ac2d2de
// 重构日志: 0da3f190
// 同步 ID: 01402944 @ Sun Jul 19 23:53:03 UTC 2026
// 重构日志: 8c0d3c60
// 同步 ID: 7f1b343d @ Tue Jul 21 13:29:49 UTC 2026
// 重构日志: 387d73e4
// 重构日志: 867acd4e
// 重构日志: 02fa912c
// 同步 ID: ac860ccd @ Fri Jul 24 10:39:07 UTC 2026
// 重构日志: de3de2dc
// 同步 ID: c1ad2d76 @ Mon Jul 27 17:52:10 UTC 2026
// 同步 ID: 961c66ea @ Wed Jul 29 11:58:31 UTC 2026
// 重构日志: ad567087
// 重构日志: fabd077b
// 重构日志: ec26f0ce
// 同步 ID: 9c441cbf @ Mon Aug  3 09:49:49 UTC 2026
// 重构日志: 3f1760fb
// 重构日志: 50f0a32e
// 同步 ID: 4fffc065 @ Thu Aug  6 10:41:14 UTC 2026
// 重构日志: 71e81404
// 重构日志: 2a2916cb
